2026-09-12 12:34:05.423 RealityOpticsShaderLab-iOS[21213:20922990] Metal API Validation Enabled
objc[21213]: Class UIAccessibilityLoaderWebShared is implemented in both /Library/Developer/CoreSimulator/Volumes/iOS_23F77/Library/Developer/CoreSimulator/Profiles/Runtimes/iOS 26.5.simruntime/Contents/Resources/RuntimeRoot/System/Library/AccessibilityBundles/WebKit.axbundle/WebKit (0x150bec398) and /Library/Developer/CoreSimulator/Volumes/iOS_23F77/Library/Developer/CoreSimulator/Profiles/Runtimes/iOS 26.5.simruntime/Contents/Resources/RuntimeRoot/System/Library/AccessibilityBundles/WebCore.axbundle/WebCore (0x15496c310). This may cause spurious casting failures and mysterious crashes. One of the duplicates must be removed or renamed.
OPTICS_PERF LUT GPU film(ior: 1.333): 0.013965167 seconds
OPTICS_PERF LUT GPU spatial(OpticsPhysics.SpatialLookup.environment): 0.009872375 seconds
OPTICS_PERF FIRST_READY gemFire: 1.964838542 seconds
OPTICS_PERF SELECT gemFire: 0.430715417 seconds; templates=2, textures=2, textureBytes=786432
OPTICS_PERF SELECT absorbingGlass: 0.174059667 seconds; templates=3, textures=2, textureBytes=786432
OPTICS_PERF LUT GPU spatial(OpticsPhysics.SpatialLookup.views): 0.001315666 seconds
OPTICS_PERF SELECT lenticular: 0.158142333 seconds; templates=4, textures=3, textureBytes=2883584
OPTICS_PERF SELECT moire: 0.14256025 seconds; templates=5, textures=3, textureBytes=2883584
OPTICS_PERF LUT GPU spatial(OpticsPhysics.SpatialLookup.nebula): 0.001443625 seconds
OPTICS_PERF SELECT parallaxNebula: 0.228706542 seconds; templates=6, textures=4, textureBytes=4980736
OPTICS_PERF LUT GPU spatial(OpticsPhysics.SpatialLookup.rainbow): 0.001481 seconds
OPTICS_PERF SELECT rainbow: 0.101894375 seconds; templates=7, textures=5, textureBytes=5505024
OPTICS_PERF LUT GPU spatial(OpticsPhysics.SpatialLookup.atmosphere): 0.001454125 seconds
OPTICS_PERF SELECT atmosphere: 0.115629291 seconds; templates=8, textures=6, textureBytes=6029312
OPTICS_PERF LUT GPU grating: 0.001275625 seconds
OPTICS_PERF SELECT grating: 0.103183417 seconds; templates=9, textures=7, textureBytes=6291456
OPTICS_PERF LUT GPU nacre: 0.00730125 seconds
OPTICS_PERF SELECT nacre: 0.010457292 seconds; templates=9, textures=8, textureBytes=6815744
OPTICS_PERF SELECT opal: 0.088318459 seconds; templates=10, textures=8, textureBytes=6815744
OPTICS_PERF LUT GPU birefringence: 0.003885959 seconds
OPTICS_PERF SELECT birefringence: 0.104365208 seconds; templates=11, textures=9, textureBytes=6823936
OPTICS_PERF SELECT speckle: 0.089495292 seconds; templates=12, textures=9, textureBytes=6823936
OPTICS_PERF LUT GPU morpho: 0.002601167 seconds
OPTICS_PERF SELECT morpho: 0.00689975 seconds; templates=12, textures=10, textureBytes=7348224
OPTICS_PERF SELECT beetle: 0.089652875 seconds; templates=13, textures=10, textureBytes=7348224
OPTICS_PERF SELECT feather: 0.089747459 seconds; templates=14, textures=10, textureBytes=7348224
OPTICS_PERF SELECT hologram: 0.106015 seconds; templates=15, textures=10, textureBytes=7348224
OPTICS_PERF SELECT lcd: 0.102402416 seconds; templates=16, textures=10, textureBytes=7348224
OPTICS_PERF LUT GPU newton: 0.003080167 seconds
OPTICS_PERF SELECT newton: 0.092596917 seconds; templates=17, textures=11, textureBytes=8396800
OPTICS_PERF SELECT pearl: 0.104120292 seconds; templates=18, textures=11, textureBytes=8396800
OPTICS_PERF SELECT dragonfly: 0.121017667 seconds; templates=19, textures=11, textureBytes=8396800
OPTICS_PERF SELECT chameleon: 0.103979583 seconds; templates=20, textures=11, textureBytes=8396800
OPTICS_PERF SELECT scarab: 0.10306675 seconds; templates=21, textures=11, textureBytes=8396800
OPTICS_PERF LUT GPU layered(OpticsPhysics.LayeredFilm.coating): 0.007377667 seconds
OPTICS_PERF SELECT lensCoating: 0.117042042 seconds; templates=22, textures=12, textureBytes=8921088
OPTICS_PERF LUT GPU layered(OpticsPhysics.LayeredFilm.titanium): 0.006741667 seconds
OPTICS_PERF SELECT titanium: 0.011899666 seconds; templates=22, textures=13, textureBytes=9445376
OPTICS_PERF LUT GPU layered(OpticsPhysics.LayeredFilm.oil): 0.005399083 seconds
OPTICS_PERF SELECT oilFilm: 0.0100675 seconds; templates=22, textures=14, textureBytes=9969664
OPTICS_PERF SELECT retroreflective: 0.105697583 seconds; templates=23, textures=14, textureBytes=9969664
OPTICS_PERF LUT GPU layered(OpticsPhysics.LayeredFilm.dichroic): 0.011114917 seconds
OPTICS_PERF SELECT dichroic: 0.014124833 seconds; templates=23, textures=15, textureBytes=10493952
OPTICS_PERF SELECT pleochroism: 0.120268167 seconds; templates=24, textures=15, textureBytes=10493952
OPTICS_PERF SELECT alexandrite: 0.076066 seconds; templates=25, textures=15, textureBytes=10493952
OPTICS_PERF SELECT sunstone: 0.115522084 seconds; templates=26, textures=15, textureBytes=10493952
OPTICS_PERF SELECT labradorite: 0.132088 seconds; templates=27, textures=15, textureBytes=10493952
OPTICS_PERF SELECT moonstone: 0.103815792 seconds; templates=28, textures=15, textureBytes=10493952
OPTICS_PERF SELECT starGem: 0.145384959 seconds; templates=29, textures=15, textureBytes=10493952
OPTICS_PERF SELECT catEye: 0.004564667 seconds; templates=29, textures=15, textureBytes=10493952
OPTICS_PREVIEW_AUDIT bindings: 35 effects / 2 groups / 5 colors / 3 amounts; 4 live samples; no color/group resource builds
OPTICS_PERF SELECT thinFilm: 1.575e-05 seconds; templates=29, textures=15, textureBytes=10493952
OPTICS_PERF SELECT thinFilm: 2.225e-05 seconds; templates=29, textures=15, textureBytes=10493952
OPTICS_PREVIEW_AUDIT CAPTURE basic-original
OPTICS_PERF SELECT thinFilm: 8.5333e-05 seconds; templates=29, textures=15, textureBytes=10493952
OPTICS_PREVIEW_AUDIT CAPTURE basic-rear
IOSurfaceClientSetSurfaceNotify failed e00002c7
OPTICS_PERF SELECT thinFilm: 1.4833e-05 seconds; templates=29, textures=15, textureBytes=10493952
OPTICS_PREVIEW_AUDIT CAPTURE basic-red
OPTICS_PERF SELECT thinFilm: 1.6333e-05 seconds; templates=29, textures=15, textureBytes=10493952
OPTICS_PREVIEW_AUDIT CAPTURE basic-white-only
OPTICS_PERF SELECT grating: 1.4958e-05 seconds; templates=29, textures=15, textureBytes=10493952
OPTICS_PERF SELECT grating: 2.425e-05 seconds; templates=29, textures=15, textureBytes=10493952
OPTICS_PREVIEW_AUDIT CAPTURE instruments-original
OPTICS_PERF SELECT grating: 0.000213 seconds; templates=29, textures=15, textureBytes=10493952
OPTICS_PREVIEW_AUDIT CAPTURE instruments-rear
OPTICS_PERF SELECT grating: 3.8458e-05 seconds; templates=29, textures=15, textureBytes=10493952
OPTICS_PREVIEW_AUDIT CAPTURE instruments-white
OPTICS_PREVIEW_AUDIT PASS: paired geometry, all material base colors, original restore, shared resources
