2026-09-12 07:11:10.227 RealityOpticsShaderLab[74430:20425942] Metal API Validation Enabled
OPTICS_PERF LUT GPU film(ior: 1.333): 0.02464025 seconds
OPTICS_PERF LUT GPU grating: 0.002556833 seconds
OPTICS_PERF FIRST_READY grating: 1.666380125 seconds
OPTICS_PERF SELECT grating: 0.331046458 seconds; templates=2, textures=2, textureBytes=786432
OPTICS_PERF LUT GPU nacre: 0.003456042 seconds
OPTICS_PERF SELECT nacre: 0.084417959 seconds; templates=2, textures=3, textureBytes=1310720
OPTICS_PERF SELECT opal: 0.197047833 seconds; templates=3, textures=3, textureBytes=1310720
OPTICS_PERF LUT GPU birefringence: 0.002264458 seconds
OPTICS_PERF SELECT birefringence: 0.209114834 seconds; templates=4, textures=4, textureBytes=1318912
OPTICS_PERF SELECT speckle: 0.189148792 seconds; templates=5, textures=4, textureBytes=1318912
OPTICS_PERF LUT GPU morpho: 0.003771125 seconds
OPTICS_PERF SELECT morpho: 0.058309584 seconds; templates=5, textures=5, textureBytes=1843200
OPTICS_PERF SELECT beetle: 0.148796583 seconds; templates=6, textures=5, textureBytes=1843200
OPTICS_PERF SELECT feather: 0.162549292 seconds; templates=7, textures=5, textureBytes=1843200
OPTICS_PERF SELECT hologram: 0.180859292 seconds; templates=8, textures=5, textureBytes=1843200
OPTICS_PERF SELECT lcd: 0.193459 seconds; templates=9, textures=5, textureBytes=1843200
OPTICS_PERF LUT GPU newton: 0.004091708 seconds
OPTICS_PERF SELECT newton: 0.175482666 seconds; templates=10, textures=6, textureBytes=2891776
OPTICS_PERF SELECT pearl: 0.191732542 seconds; templates=11, textures=6, textureBytes=2891776
OPTICS_PERF SELECT dragonfly: 0.222097375 seconds; templates=12, textures=6, textureBytes=2891776
OPTICS_PERF SELECT chameleon: 0.182121333 seconds; templates=13, textures=6, textureBytes=2891776
OPTICS_PERF SELECT scarab: 0.189019334 seconds; templates=14, textures=6, textureBytes=2891776
OPTICS_PERF LUT GPU layered(OpticsPhysics.LayeredFilm.coating): 0.026271834 seconds
OPTICS_PERF SELECT lensCoating: 0.224977417 seconds; templates=15, textures=7, textureBytes=3416064
OPTICS_PERF LUT GPU layered(OpticsPhysics.LayeredFilm.titanium): 0.002509167 seconds
OPTICS_PERF SELECT titanium: 0.032147958 seconds; templates=15, textures=8, textureBytes=3940352
OPTICS_PERF LUT GPU layered(OpticsPhysics.LayeredFilm.oil): 0.002659291 seconds
OPTICS_PERF SELECT oilFilm: 0.03587675 seconds; templates=15, textures=9, textureBytes=4464640
OPTICS_PERF SELECT retroreflective: 0.201060083 seconds; templates=16, textures=9, textureBytes=4464640
OPTICS_PERF LUT GPU layered(OpticsPhysics.LayeredFilm.dichroic): 0.0212195 seconds
OPTICS_PERF SELECT dichroic: 0.077130541 seconds; templates=16, textures=10, textureBytes=4988928
OPTICS_PERF SELECT pleochroism: 0.223102833 seconds; templates=17, textures=10, textureBytes=4988928
OPTICS_PERF SELECT alexandrite: 0.184953875 seconds; templates=18, textures=10, textureBytes=4988928
OPTICS_PERF SELECT sunstone: 0.214211125 seconds; templates=19, textures=10, textureBytes=4988928
OPTICS_PERF SELECT labradorite: 0.22671875 seconds; templates=20, textures=10, textureBytes=4988928
OPTICS_PERF SELECT moonstone: 0.186463375 seconds; templates=21, textures=10, textureBytes=4988928
OPTICS_PERF SELECT starGem: 0.214014291 seconds; templates=22, textures=10, textureBytes=4988928
OPTICS_PERF SELECT catEye: 0.026817 seconds; templates=22, textures=10, textureBytes=4988928
OPTICS_PREVIEW_AUDIT bindings: 28 effects / 2 groups / 5 colors / 3 amounts; two live samples; no color/group resource builds
OPTICS_PERF SELECT thinFilm: 5.375e-06 seconds; templates=22, textures=10, textureBytes=4988928
OPTICS_PERF SELECT thinFilm: 0.000811167 seconds; templates=22, textures=10, textureBytes=4988928
OPTICS_PREVIEW_AUDIT CAPTURE basic-original
OPTICS_PERF SELECT thinFilm: 0.000135209 seconds; templates=22, textures=10, textureBytes=4988928
OPTICS_PREVIEW_AUDIT CAPTURE basic-rear
OPTICS_PERF SELECT thinFilm: 1.625e-05 seconds; templates=22, textures=10, textureBytes=4988928
OPTICS_PREVIEW_AUDIT CAPTURE basic-red
OPTICS_PERF SELECT thinFilm: 6.75e-06 seconds; templates=22, textures=10, textureBytes=4988928
OPTICS_PREVIEW_AUDIT CAPTURE basic-white-only
OPTICS_PERF SELECT grating: 1.7792e-05 seconds; templates=22, textures=10, textureBytes=4988928
OPTICS_PERF SELECT grating: 0.001683333 seconds; templates=22, textures=10, textureBytes=4988928
OPTICS_PREVIEW_AUDIT CAPTURE instruments-original
OPTICS_PERF SELECT grating: 0.000119375 seconds; templates=22, textures=10, textureBytes=4988928
OPTICS_PREVIEW_AUDIT CAPTURE instruments-rear
OPTICS_PERF SELECT grating: 1.4709e-05 seconds; templates=22, textures=10, textureBytes=4988928
OPTICS_PREVIEW_AUDIT CAPTURE instruments-white
OPTICS_PREVIEW_AUDIT PASS: paired geometry, all material base colors, original restore, shared resources
