2026-09-12 07:53:40.063 RealityOpticsShaderLab[82751:20504114] Metal API Validation Enabled
OPTICS_PERF LUT GPU film(ior: 1.333): 0.023203541 seconds
OPTICS_PERF_AUDIT lazy start: 1 template / 1 LUT
OPTICS_PERF FIRST_READY thinFilm: 1.429453667 seconds
OPTICS_PERF SELECT thinFilm: 0.808089875 seconds; templates=1, textures=1, textureBytes=524288
OPTICS_PERF LUT GPU nacre: 0.005297792 seconds
OPTICS_PERF LUT GPU morpho: 0.019389625 seconds
OPTICS_PERF_AUDIT instances: 3 effects / 1 template; independent parameters
OPTICS_PERF LUT GPU film(ior: 1.234): 0.014723625 seconds
OPTICS_PERF_AUDIT coalescing: 3 concurrent requests / 1 dispatch
OPTICS_PERF SELECT thinFilm: 1.3333e-05 seconds; templates=1, textures=4, textureBytes=2097152
OPTICS_PERF SELECT thinFilm: 0.001956416 seconds; templates=1, textures=4, textureBytes=2097152
OPTICS_PERF LUT GPU grating: 0.108091375 seconds
OPTICS_PERF_AUDIT cancelled selection: current effect remains Ready
OPTICS_PERF LUT GPU film(ior: 1.345): 0.015491125 seconds
OPTICS_PERF LUT GPU film(ior: 1.21): 0.003295792 seconds
OPTICS_PERF LUT GPU film(ior: 1.24): 0.019056041 seconds
OPTICS_PERF LUT GPU film(ior: 1.27): 0.008368083 seconds
OPTICS_PERF LUT GPU film(ior: 1.3): 0.014696084 seconds
OPTICS_PERF LUT GPU film(ior: 1.36): 0.011775542 seconds
OPTICS_PERF LUT GPU film(ior: 1.4): 0.021363708 seconds
OPTICS_PERF LUT GPU film(ior: 1.333): 0.018947375 seconds
OPTICS_PERF_AUDIT IOR: last edit wins; four-variant LRU bound
OPTICS_PERF LUT GPU spatial(OpticsPhysics.SpatialLookup.environment): 0.007580125 seconds
OPTICS_PERF LUT GPU spatial(OpticsPhysics.SpatialLookup.views): 0.002085875 seconds
OPTICS_PERF LUT GPU spatial(OpticsPhysics.SpatialLookup.nebula): 0.002424125 seconds
OPTICS_PERF LUT GPU spatial(OpticsPhysics.SpatialLookup.rainbow): 0.003777458 seconds
OPTICS_PERF LUT GPU spatial(OpticsPhysics.SpatialLookup.atmosphere): 0.007186084 seconds
OPTICS_PERF LUT GPU birefringence: 0.002816833 seconds
OPTICS_PERF LUT GPU newton: 0.004286666 seconds
OPTICS_PERF LUT GPU layered(OpticsPhysics.LayeredFilm.coating): 0.005281542 seconds
OPTICS_PERF LUT GPU layered(OpticsPhysics.LayeredFilm.titanium): 0.014913958 seconds
OPTICS_PERF LUT GPU layered(OpticsPhysics.LayeredFilm.oil): 0.003361625 seconds
OPTICS_PERF LUT GPU layered(OpticsPhysics.LayeredFilm.dichroic): 0.011107083 seconds
OPTICS_PERF_AUDIT extended: isolated cat/star and coating parameters; cached R/T channel
OPTICS_PERF_AUDIT warm: 350 cached material requests in 0.000162084 seconds; zero rebuilds
OPTICS_PERF_AUDIT PASS: lazy/coalesced resources, isolated material instances, cancelled selection, bounded IOR cache; templates=29, textures=18, textureBytes=12066816
