2026-09-12 08:05:52.793 RealityOpticsShaderLab[85899:20527570] Metal API Validation Enabled
OPTICS_PERF LUT GPU film(ior: 1.333): 0.024674625 seconds
OPTICS_PERF_AUDIT lazy start: 1 template / 1 LUT
OPTICS_PERF FIRST_READY thinFilm: 1.2507715 seconds
OPTICS_PERF SELECT thinFilm: 0.810461875 seconds; templates=1, textures=1, textureBytes=524288
OPTICS_PERF LUT GPU nacre: 0.010475541 seconds
OPTICS_PERF LUT GPU morpho: 0.009286375 seconds
OPTICS_PERF_AUDIT instances: 3 effects / 1 template; independent parameters
OPTICS_PERF LUT GPU film(ior: 1.234): 0.002323125 seconds
OPTICS_PERF_AUDIT coalescing: 3 concurrent requests / 1 dispatch
OPTICS_PERF SELECT thinFilm: 9.459e-06 seconds; templates=1, textures=4, textureBytes=2097152
OPTICS_PERF SELECT thinFilm: 0.001065042 seconds; templates=1, textures=4, textureBytes=2097152
OPTICS_PERF LUT GPU grating: 0.090841167 seconds
OPTICS_PERF_AUDIT cancelled selection: current effect remains Ready
OPTICS_PERF LUT GPU film(ior: 1.345): 0.005131417 seconds
OPTICS_PERF LUT GPU film(ior: 1.21): 0.019503958 seconds
OPTICS_PERF LUT GPU film(ior: 1.24): 0.004147834 seconds
OPTICS_PERF LUT GPU film(ior: 1.27): 0.005019334 seconds
OPTICS_PERF LUT GPU film(ior: 1.3): 0.015190334 seconds
OPTICS_PERF LUT GPU film(ior: 1.36): 0.006349709 seconds
OPTICS_PERF LUT GPU film(ior: 1.4): 0.003540792 seconds
OPTICS_PERF LUT GPU film(ior: 1.333): 0.016960042 seconds
OPTICS_PERF_AUDIT IOR: last edit wins; four-variant LRU bound
OPTICS_PERF LUT GPU spatial(OpticsPhysics.SpatialLookup.environment): 0.005184209 seconds
OPTICS_PERF LUT GPU spatial(OpticsPhysics.SpatialLookup.views): 0.014884083 seconds
OPTICS_PERF LUT GPU spatial(OpticsPhysics.SpatialLookup.nebula): 0.0032185 seconds
OPTICS_PERF LUT GPU spatial(OpticsPhysics.SpatialLookup.rainbow): 0.003191625 seconds
OPTICS_PERF LUT GPU spatial(OpticsPhysics.SpatialLookup.atmosphere): 0.002637583 seconds
OPTICS_PERF LUT GPU birefringence: 0.002920459 seconds
OPTICS_PERF LUT GPU newton: 0.019996083 seconds
OPTICS_PERF LUT GPU layered(OpticsPhysics.LayeredFilm.coating): 0.017647583 seconds
OPTICS_PERF LUT GPU layered(OpticsPhysics.LayeredFilm.titanium): 0.0047905 seconds
OPTICS_PERF LUT GPU layered(OpticsPhysics.LayeredFilm.oil): 0.004624917 seconds
OPTICS_PERF LUT GPU layered(OpticsPhysics.LayeredFilm.dichroic): 0.0084575 seconds
OPTICS_PERF_AUDIT extended: isolated cat/star and coating parameters; cached R/T channel
OPTICS_PERF_AUDIT warm: 350 cached material requests in 0.000207125 seconds; zero rebuilds
OPTICS_PERF_AUDIT PASS: lazy/coalesced resources, isolated material instances, cancelled selection, bounded IOR cache; templates=29, textures=18, textureBytes=12066816
