2026-09-11 23:32:11.322 RealityOpticsShaderLab[32114:19887151] Metal API Validation Enabled
OPTICS_PERF LUT GPU film(ior: 1.333): 0.015137875 seconds
OPTICS_PERF LUT GPU grating: 0.004176125 seconds
OPTICS_PERF FIRST_READY grating: 1.699286916 seconds
OPTICS_PERF SELECT grating: 0.301352834 seconds; templates=2, textures=2, textureBytes=786432
OPTICS_PERF LUT GPU nacre: 0.005295125 seconds
OPTICS_PERF SELECT nacre: 0.084286417 seconds; templates=2, textures=3, textureBytes=1310720
OPTICS_PERF SELECT opal: 0.184925333 seconds; templates=3, textures=3, textureBytes=1310720
OPTICS_PERF LUT GPU birefringence: 0.002165375 seconds
OPTICS_PERF SELECT birefringence: 0.223713292 seconds; templates=4, textures=4, textureBytes=1318912
OPTICS_PERF SELECT speckle: 0.214872 seconds; templates=5, textures=4, textureBytes=1318912
OPTICS_PERF LUT GPU morpho: 0.003935791 seconds
OPTICS_PERF SELECT morpho: 0.059407875 seconds; templates=5, textures=5, textureBytes=1843200
OPTICS_PERF SELECT beetle: 0.185288459 seconds; templates=6, textures=5, textureBytes=1843200
OPTICS_PERF SELECT feather: 0.171779625 seconds; templates=7, textures=5, textureBytes=1843200
OPTICS_PERF SELECT hologram: 0.206460584 seconds; templates=8, textures=5, textureBytes=1843200
OPTICS_PERF SELECT lcd: 0.198577541 seconds; templates=9, textures=5, textureBytes=1843200
OPTICS_PERF LUT GPU newton: 0.026297333 seconds
OPTICS_PERF SELECT newton: 0.228693875 seconds; templates=10, textures=6, textureBytes=2891776
OPTICS_PERF SELECT pearl: 0.185785417 seconds; templates=11, textures=6, textureBytes=2891776
OPTICS_PERF SELECT dragonfly: 0.188267667 seconds; templates=12, textures=6, textureBytes=2891776
OPTICS_PERF SELECT chameleon: 0.183652916 seconds; templates=13, textures=6, textureBytes=2891776
OPTICS_PERF SELECT scarab: 0.202201292 seconds; templates=14, textures=6, textureBytes=2891776
OPTICS_PERF LUT GPU layered(OpticsPhysics.LayeredFilm.coating): 0.024217834 seconds
OPTICS_PERF SELECT lensCoating: 0.227070292 seconds; templates=15, textures=7, textureBytes=3416064
OPTICS_PERF LUT GPU layered(OpticsPhysics.LayeredFilm.titanium): 0.003331792 seconds
OPTICS_PERF SELECT titanium: 0.029718625 seconds; templates=15, textures=8, textureBytes=3940352
OPTICS_PERF LUT GPU layered(OpticsPhysics.LayeredFilm.oil): 0.00289125 seconds
OPTICS_PERF SELECT oilFilm: 0.036168542 seconds; templates=15, textures=9, textureBytes=4464640
OPTICS_PERF SELECT retroreflective: 0.165330084 seconds; templates=16, textures=9, textureBytes=4464640
OPTICS_PERF LUT GPU layered(OpticsPhysics.LayeredFilm.dichroic): 0.007037834 seconds
OPTICS_PERF LUT GPU layered(OpticsPhysics.LayeredFilm.dichroicTransmission): 0.009751333 seconds
OPTICS_PERF SELECT dichroic: 0.085081 seconds; templates=16, textures=11, textureBytes=5513216
OPTICS_PERF SELECT pleochroism: 0.197547625 seconds; templates=17, textures=11, textureBytes=5513216
OPTICS_PERF SELECT alexandrite: 0.161471417 seconds; templates=18, textures=11, textureBytes=5513216
OPTICS_PERF SELECT sunstone: 0.186928667 seconds; templates=19, textures=11, textureBytes=5513216
OPTICS_PERF SELECT labradorite: 0.209903875 seconds; templates=20, textures=11, textureBytes=5513216
OPTICS_PERF SELECT moonstone: 0.198949 seconds; templates=21, textures=11, textureBytes=5513216
OPTICS_PERF SELECT starGem: 0.195156667 seconds; templates=22, textures=11, textureBytes=5513216
OPTICS_PERF SELECT catEye: 0.026332458 seconds; templates=22, textures=11, textureBytes=5513216
OPTICS_PREVIEW_AUDIT bindings: 28 effects / 2 groups / 9 colors / 3 amounts; two live samples; no color/group resource builds
OPTICS_PERF SELECT thinFilm: 4.25e-06 seconds; templates=22, textures=11, textureBytes=5513216
OPTICS_PERF SELECT thinFilm: 0.000749916 seconds; templates=22, textures=11, textureBytes=5513216
OPTICS_PREVIEW_AUDIT CAPTURE basic-original
OPTICS_PERF SELECT thinFilm: 2.8708e-05 seconds; templates=22, textures=11, textureBytes=5513216
OPTICS_PREVIEW_AUDIT CAPTURE basic-red
OPTICS_PERF SELECT thinFilm: 3.0417e-05 seconds; templates=22, textures=11, textureBytes=5513216
OPTICS_PREVIEW_AUDIT CAPTURE basic-gray-only
OPTICS_PERF SELECT grating: 4.5042e-05 seconds; templates=22, textures=11, textureBytes=5513216
OPTICS_PERF SELECT grating: 0.000943625 seconds; templates=22, textures=11, textureBytes=5513216
OPTICS_PREVIEW_AUDIT CAPTURE instruments-original
OPTICS_PERF SELECT grating: 3.0125e-05 seconds; templates=22, textures=11, textureBytes=5513216
OPTICS_PREVIEW_AUDIT CAPTURE instruments-white
OPTICS_PREVIEW_AUDIT PASS: paired geometry, all material base colors, original restore, shared resources
