PASS AbsorbingGlassMaterial: 93 nodes
PASS AlexandriteMaterial: 25 nodes
PASS AtmosphereMaterial: 51 nodes
PASS BeetleMaterial: 29 nodes
PASS BirefringenceMaterial: 51 nodes
PASS ChameleonMaterial: 44 nodes
PASS ChatoyancyMaterial: 78 nodes
PASS DiffractionGratingMaterial: 44 nodes
PASS DragonflyMaterial: 57 nodes
PASS FeatherMaterial: 32 nodes
PASS GemFireMaterial: 210 nodes
PASS HologramMaterial: 54 nodes
PASS IridescentFilmMaterial: 26 nodes
PASS LCDMaterial: 38 nodes
PASS LabradoriteMaterial: 61 nodes
PASS LayeredFilmMaterial: 35 nodes
PASS LenticularMaterial: 78 nodes
PASS MoireMaterial: 71 nodes
PASS MoonstoneMaterial: 53 nodes
PASS MorphoMaterial: 26 nodes
PASS NacreMaterial: 26 nodes
PASS NewtonMaterial: 35 nodes
PASS OpalMaterial: 29 nodes
PASS ParallaxNebulaMaterial: 152 nodes
PASS PearlMaterial: 36 nodes
PASS PleochroismMaterial: 50 nodes
PASS RainbowMaterial: 30 nodes
PASS RetroreflectiveMaterial: 42 nodes
PASS ScarabMaterial: 28 nodes
PASS SpeckleMaterial: 19 nodes
PASS SunstoneMaterial: 66 nodes
PASS 31 material files / 1669 nodes; 136 UI defaults; direction, range, base-color and arithmetic regressions
