2026-09-11 23:48:53.826 RealityOpticsShaderLab[35636:19915797] Metal API Validation Enabled
OPTICS_PERF LUT GPU film(ior: 1.333): 0.019628209 seconds
OPTICS_PERF_AUDIT lazy start: 1 template / 1 LUT
OPTICS_PERF FIRST_READY thinFilm: 1.214969625 seconds
OPTICS_PERF SELECT thinFilm: 0.740183958 seconds; templates=1, textures=1, textureBytes=524288
OPTICS_PERF LUT GPU nacre: 0.015973708 seconds
OPTICS_PERF LUT GPU morpho: 0.014524125 seconds
OPTICS_PERF_AUDIT instances: 3 effects / 1 template; independent parameters
OPTICS_PERF LUT GPU film(ior: 1.234): 0.014690334 seconds
OPTICS_PERF_AUDIT coalescing: 3 concurrent requests / 1 dispatch
OPTICS_PERF SELECT thinFilm: 1.1458e-05 seconds; templates=1, textures=4, textureBytes=2097152
OPTICS_PERF SELECT thinFilm: 0.000774708 seconds; templates=1, textures=4, textureBytes=2097152
OPTICS_PERF LUT GPU grating: 0.107937167 seconds
OPTICS_PERF_AUDIT cancelled selection: current effect remains Ready
OPTICS_PERF LUT GPU film(ior: 1.345): 0.003331875 seconds
OPTICS_PERF LUT GPU film(ior: 1.21): 0.004662042 seconds
OPTICS_PERF LUT GPU film(ior: 1.24): 0.003452292 seconds
OPTICS_PERF LUT GPU film(ior: 1.27): 0.004007708 seconds
OPTICS_PERF LUT GPU film(ior: 1.3): 0.004751625 seconds
OPTICS_PERF LUT GPU film(ior: 1.36): 0.004657958 seconds
OPTICS_PERF LUT GPU film(ior: 1.4): 0.00329575 seconds
OPTICS_PERF LUT GPU film(ior: 1.333): 0.014215625 seconds
OPTICS_PERF_AUDIT IOR: last edit wins; four-variant LRU bound
OPTICS_PERF LUT GPU birefringence: 0.013377708 seconds
OPTICS_PERF LUT GPU newton: 0.004881333 seconds
OPTICS_PERF LUT GPU layered(OpticsPhysics.LayeredFilm.coating): 0.00816075 seconds
OPTICS_PERF LUT GPU layered(OpticsPhysics.LayeredFilm.titanium): 0.017500833 seconds
OPTICS_PERF LUT GPU layered(OpticsPhysics.LayeredFilm.oil): 0.015898875 seconds
OPTICS_PERF LUT GPU layered(OpticsPhysics.LayeredFilm.dichroic): 0.008227542 seconds
OPTICS_PERF_AUDIT extended: isolated cat/star and coating parameters; cached R/T channel
OPTICS_PERF_AUDIT warm: 280 cached material requests in 0.001136625 seconds; zero rebuilds
OPTICS_PERF_AUDIT PASS: lazy/coalesced resources, isolated material instances, cancelled selection, bounded IOR cache; templates=22, textures=13, textureBytes=6561792
