2026-09-12 08:19:32.946 RealityOpticsShaderLab-iOS[90734:20564355] Metal API Validation Enabled
objc[90734]: Class UIAccessibilityLoaderWebShared is implemented in both /Library/Developer/CoreSimulator/Volumes/iOS_23F77/Library/Developer/CoreSimulator/Profiles/Runtimes/iOS 26.5.simruntime/Contents/Resources/RuntimeRoot/System/Library/AccessibilityBundles/WebKit.axbundle/WebKit (0x152678398) and /Library/Developer/CoreSimulator/Volumes/iOS_23F77/Library/Developer/CoreSimulator/Profiles/Runtimes/iOS 26.5.simruntime/Contents/Resources/RuntimeRoot/System/Library/AccessibilityBundles/WebCore.axbundle/WebCore (0x1531b8310). This may cause spurious casting failures and mysterious crashes. One of the duplicates must be removed or renamed.
OPTICS_PERF LUT GPU film(ior: 1.333): 0.043193 seconds
OPTICS_PERF LUT GPU spatial(OpticsPhysics.SpatialLookup.environment): 0.011153792 seconds
OPTICS_PERF FIRST_READY gemFire: 2.043540458 seconds
OPTICS_PERF SELECT gemFire: 0.492394917 seconds; templates=2, textures=2, textureBytes=786432
OPTICS_PERF SELECT absorbingGlass: 0.181159625 seconds; templates=3, textures=2, textureBytes=786432
OPTICS_PERF LUT GPU spatial(OpticsPhysics.SpatialLookup.views): 0.001655083 seconds
OPTICS_PERF SELECT lenticular: 0.141155125 seconds; templates=4, textures=3, textureBytes=2883584
OPTICS_PERF SELECT moire: 0.122406291 seconds; templates=5, textures=3, textureBytes=2883584
OPTICS_PERF LUT GPU spatial(OpticsPhysics.SpatialLookup.nebula): 0.0013285 seconds
OPTICS_PERF SELECT parallaxNebula: 0.220430459 seconds; templates=6, textures=4, textureBytes=4980736
OPTICS_PERF LUT GPU spatial(OpticsPhysics.SpatialLookup.rainbow): 0.00132075 seconds
OPTICS_PERF SELECT rainbow: 0.085539542 seconds; templates=7, textures=5, textureBytes=5505024
OPTICS_PERF LUT GPU spatial(OpticsPhysics.SpatialLookup.atmosphere): 0.00501975 seconds
OPTICS_PERF SELECT atmosphere: 0.103626458 seconds; templates=8, textures=6, textureBytes=6029312
OPTICS_PERF LUT GPU grating: 0.00186225 seconds
OPTICS_PERF SELECT grating: 0.096785 seconds; templates=9, textures=7, textureBytes=6291456
OPTICS_PERF LUT GPU nacre: 0.005231958 seconds
OPTICS_PERF SELECT nacre: 0.013595 seconds; templates=9, textures=8, textureBytes=6815744
OPTICS_PERF SELECT opal: 0.1044095 seconds; templates=10, textures=8, textureBytes=6815744
OPTICS_PERF LUT GPU birefringence: 0.001514166 seconds
OPTICS_PERF SELECT birefringence: 0.107782041 seconds; templates=11, textures=9, textureBytes=6823936
OPTICS_PERF SELECT speckle: 0.079966041 seconds; templates=12, textures=9, textureBytes=6823936
OPTICS_PERF LUT GPU morpho: 0.00261625 seconds
OPTICS_PERF SELECT morpho: 0.008593042 seconds; templates=12, textures=10, textureBytes=7348224
OPTICS_PERF SELECT beetle: 0.080193709 seconds; templates=13, textures=10, textureBytes=7348224
OPTICS_PERF SELECT feather: 0.083378709 seconds; templates=14, textures=10, textureBytes=7348224
OPTICS_PERF SELECT hologram: 0.119107917 seconds; templates=15, textures=10, textureBytes=7348224
OPTICS_PERF SELECT lcd: 0.094740583 seconds; templates=16, textures=10, textureBytes=7348224
OPTICS_PERF LUT GPU newton: 0.003376083 seconds
OPTICS_PERF SELECT newton: 0.085412458 seconds; templates=17, textures=11, textureBytes=8396800
OPTICS_PERF SELECT pearl: 0.096180458 seconds; templates=18, textures=11, textureBytes=8396800
OPTICS_PERF SELECT dragonfly: 0.118177583 seconds; templates=19, textures=11, textureBytes=8396800
OPTICS_PERF SELECT chameleon: 0.111191666 seconds; templates=20, textures=11, textureBytes=8396800
OPTICS_PERF SELECT scarab: 0.093582875 seconds; templates=21, textures=11, textureBytes=8396800
OPTICS_PERF LUT GPU layered(OpticsPhysics.LayeredFilm.coating): 0.0071825 seconds
OPTICS_PERF SELECT lensCoating: 0.100887959 seconds; templates=22, textures=12, textureBytes=8921088
OPTICS_PERF LUT GPU layered(OpticsPhysics.LayeredFilm.titanium): 0.003152584 seconds
OPTICS_PERF SELECT titanium: 0.007387709 seconds; templates=22, textures=13, textureBytes=9445376
OPTICS_PERF LUT GPU layered(OpticsPhysics.LayeredFilm.oil): 0.003253292 seconds
OPTICS_PERF SELECT oilFilm: 0.008370292 seconds; templates=22, textures=14, textureBytes=9969664
OPTICS_PERF SELECT retroreflective: 0.091853458 seconds; templates=23, textures=14, textureBytes=9969664
OPTICS_PERF LUT GPU layered(OpticsPhysics.LayeredFilm.dichroic): 0.008654125 seconds
OPTICS_PERF SELECT dichroic: 0.014704917 seconds; templates=23, textures=15, textureBytes=10493952
OPTICS_PERF SELECT pleochroism: 0.095999166 seconds; templates=24, textures=15, textureBytes=10493952
OPTICS_PERF SELECT alexandrite: 0.082167709 seconds; templates=25, textures=15, textureBytes=10493952
OPTICS_PERF SELECT sunstone: 0.111549709 seconds; templates=26, textures=15, textureBytes=10493952
OPTICS_PERF SELECT labradorite: 0.117588 seconds; templates=27, textures=15, textureBytes=10493952
OPTICS_PERF SELECT moonstone: 0.104932334 seconds; templates=28, textures=15, textureBytes=10493952
OPTICS_PERF SELECT starGem: 0.147185208 seconds; templates=29, textures=15, textureBytes=10493952
OPTICS_PERF SELECT catEye: 0.003664541 seconds; templates=29, textures=15, textureBytes=10493952
OPTICS_PREVIEW_AUDIT bindings: 35 effects / 2 groups / 5 colors / 3 amounts; two live samples; no color/group resource builds
OPTICS_PERF SELECT thinFilm: 5.083e-06 seconds; templates=29, textures=15, textureBytes=10493952
OPTICS_PERF SELECT thinFilm: 1.5625e-05 seconds; templates=29, textures=15, textureBytes=10493952
OPTICS_PREVIEW_AUDIT CAPTURE basic-original
OPTICS_PERF SELECT thinFilm: 0.000199083 seconds; templates=29, textures=15, textureBytes=10493952
OPTICS_PREVIEW_AUDIT CAPTURE basic-rear
OPTICS_PERF SELECT thinFilm: 1.6042e-05 seconds; templates=29, textures=15, textureBytes=10493952
OPTICS_PREVIEW_AUDIT CAPTURE basic-red
OPTICS_PERF SELECT thinFilm: 1.9709e-05 seconds; templates=29, textures=15, textureBytes=10493952
OPTICS_PREVIEW_AUDIT CAPTURE basic-white-only
OPTICS_PERF SELECT grating: 1.9334e-05 seconds; templates=29, textures=15, textureBytes=10493952
OPTICS_PERF SELECT grating: 2.3458e-05 seconds; templates=29, textures=15, textureBytes=10493952
OPTICS_PREVIEW_AUDIT CAPTURE instruments-original
OPTICS_PERF SELECT grating: 0.00014325 seconds; templates=29, textures=15, textureBytes=10493952
OPTICS_PREVIEW_AUDIT CAPTURE instruments-rear
OPTICS_PERF SELECT grating: 2.85e-05 seconds; templates=29, textures=15, textureBytes=10493952
OPTICS_PREVIEW_AUDIT CAPTURE instruments-white
OPTICS_PREVIEW_AUDIT PASS: paired geometry, all material base colors, original restore, shared resources
