2026-09-11 22:04:37.629 RealityOpticsShaderLab[18696:19751123] Metal API Validation Enabled
OPTICS_PERF LUT GPU film(ior: 1.333): 0.024693208 seconds
OPTICS_PERF_AUDIT lazy start: 1 template / 1 LUT
OPTICS_PERF FIRST_READY thinFilm: 1.362639834 seconds
OPTICS_PERF SELECT thinFilm: 0.80889975 seconds; templates=1, textures=1, textureBytes=524288
OPTICS_PERF LUT GPU nacre: 0.003296375 seconds
OPTICS_PERF LUT GPU morpho: 0.014702542 seconds
OPTICS_PERF_AUDIT instances: 3 effects / 1 template; independent parameters
OPTICS_PERF LUT GPU film(ior: 1.234): 0.002108 seconds
OPTICS_PERF_AUDIT coalescing: 3 concurrent requests / 1 dispatch
OPTICS_PERF SELECT thinFilm: 9e-06 seconds; templates=1, textures=4, textureBytes=2097152
OPTICS_PERF SELECT thinFilm: 0.000538041 seconds; templates=1, textures=4, textureBytes=2097152
OPTICS_PERF LUT GPU grating: 0.075859583 seconds
OPTICS_PERF_AUDIT cancelled selection: current effect remains Ready
OPTICS_PERF LUT GPU film(ior: 1.345): 0.013253583 seconds
OPTICS_PERF LUT GPU film(ior: 1.21): 0.0138625 seconds
OPTICS_PERF LUT GPU film(ior: 1.24): 0.014313209 seconds
OPTICS_PERF LUT GPU film(ior: 1.27): 0.015625375 seconds
OPTICS_PERF LUT GPU film(ior: 1.3): 0.003148792 seconds
OPTICS_PERF LUT GPU film(ior: 1.36): 0.022097042 seconds
OPTICS_PERF LUT GPU film(ior: 1.4): 0.004108583 seconds
OPTICS_PERF LUT GPU film(ior: 1.333): 0.004124042 seconds
OPTICS_PERF_AUDIT IOR: last edit wins; four-variant LRU bound
OPTICS_PERF LUT GPU birefringence: 0.00420275 seconds
OPTICS_PERF LUT GPU newton: 0.004043792 seconds
OPTICS_PERF_AUDIT warm: 160 cached material requests in 8.8417e-05 seconds; zero rebuilds
OPTICS_PERF_AUDIT PASS: lazy/coalesced resources, isolated material instances, cancelled selection, bounded IOR cache; templates=14, textures=9, textureBytes=4464640
