Optics build: 16/16 materials, 35.158046667 seconds
OPTICS_AUDIT DEFAULT thinFilm 7 parameters
OPTICS_AUDIT MIN thinFilm 7 parameters
OPTICS_AUDIT MAX thinFilm 7 parameters
OPTICS_AUDIT DEFAULT grating 5 parameters
OPTICS_AUDIT MIN grating 5 parameters
OPTICS_AUDIT MAX grating 5 parameters
OPTICS_AUDIT DEFAULT nacre 5 parameters
OPTICS_AUDIT MIN nacre 5 parameters
OPTICS_AUDIT MAX nacre 5 parameters
OPTICS_AUDIT DEFAULT opal 4 parameters
OPTICS_AUDIT MIN opal 4 parameters
OPTICS_AUDIT MAX opal 4 parameters
OPTICS_AUDIT DEFAULT birefringence 4 parameters
OPTICS_AUDIT MIN birefringence 4 parameters
OPTICS_AUDIT MAX birefringence 4 parameters
OPTICS_AUDIT DEFAULT speckle 5 parameters
OPTICS_AUDIT MIN speckle 5 parameters
OPTICS_AUDIT MAX speckle 5 parameters
OPTICS_AUDIT DEFAULT morpho 4 parameters
OPTICS_AUDIT MIN morpho 4 parameters
OPTICS_AUDIT MAX morpho 4 parameters
OPTICS_AUDIT DEFAULT beetle 4 parameters
OPTICS_AUDIT MIN beetle 4 parameters
OPTICS_AUDIT MAX beetle 4 parameters
OPTICS_AUDIT DEFAULT feather 5 parameters
OPTICS_AUDIT MIN feather 5 parameters
OPTICS_AUDIT MAX feather 5 parameters
OPTICS_AUDIT DEFAULT hologram 5 parameters
OPTICS_AUDIT MIN hologram 5 parameters
OPTICS_AUDIT MAX hologram 5 parameters
OPTICS_AUDIT DEFAULT lcd 5 parameters
OPTICS_AUDIT MIN lcd 5 parameters
OPTICS_AUDIT MAX lcd 5 parameters
OPTICS_AUDIT DEFAULT newton 4 parameters
OPTICS_AUDIT MIN newton 4 parameters
OPTICS_AUDIT MAX newton 4 parameters
OPTICS_AUDIT DEFAULT pearl 5 parameters
OPTICS_AUDIT MIN pearl 5 parameters
OPTICS_AUDIT MAX pearl 5 parameters
OPTICS_AUDIT DEFAULT dragonfly 6 parameters
OPTICS_AUDIT MIN dragonfly 6 parameters
OPTICS_AUDIT MAX dragonfly 6 parameters
OPTICS_AUDIT DEFAULT chameleon 5 parameters
OPTICS_AUDIT MIN chameleon 5 parameters
OPTICS_AUDIT MAX chameleon 5 parameters
OPTICS_AUDIT DEFAULT scarab 5 parameters
OPTICS_AUDIT MIN scarab 5 parameters
OPTICS_AUDIT MAX scarab 5 parameters
OPTICS_AUDIT PASS: 16 materials, default/min/max scenes, no binding failures
