2026-09-12 07:45:07.084 verify[80209:20484425] Metal API Validation Enabled
2026-09-12 07:45:07.084 verify[80209:20484425] Metal GPU Validation Enabled
PASS film(ior: 1.333) 256x256: max=0.0009765625, RMSE=5.438980574738084e-05, CPU=0.205687625 seconds, GPU submission+wait=0.008536584 seconds
PASS film(ior: 1.2) 256x256: max=0.0009765625, RMSE=4.904753935592841e-05, CPU=0.203155458 seconds, GPU submission+wait=0.008945375 seconds
PASS film(ior: 1.45) 256x256: max=0.0009765625, RMSE=5.596027105400694e-05, CPU=0.206787792 seconds, GPU submission+wait=0.005621542 seconds
PASS morpho 256x256: max=0.0009765625, RMSE=5.6963717551990695e-05, CPU=0.205861083 seconds, GPU submission+wait=0.004431792 seconds
PASS nacre 256x256: max=0.00048828125, RMSE=5.868068448933988e-05, CPU=0.633500333 seconds, GPU submission+wait=0.011722042 seconds
PASS grating 256x128: max=0.00024414062, RMSE=1.2096606963457492e-05, CPU=0.019147542 seconds, GPU submission+wait=0.00138375 seconds
PASS birefringence 1024x1: max=0.0009765625, RMSE=8.766826309014039e-05, CPU=0.000624375 seconds, GPU submission+wait=0.000670542 seconds
PASS newton 256x512: max=0.00048828125, RMSE=5.642661806453625e-05, CPU=0.098894709 seconds, GPU submission+wait=0.001547209 seconds
PASS layered(verify.LayeredFilm.oil) 256x256: max=0.00048828125, RMSE=4.479020039358105e-05, CPU=1.33513075 seconds, GPU submission+wait=0.002893791 seconds
PASS layered(verify.LayeredFilm.titanium) 256x256: max=0.00048828125, RMSE=7.817668881975539e-05, CPU=1.321937542 seconds, GPU submission+wait=0.003514417 seconds
PASS layered(verify.LayeredFilm.coating) 256x256: max=0.00048828125, RMSE=4.379489554312226e-05, CPU=1.320245417 seconds, GPU submission+wait=0.004155708 seconds
PASS single-LUT transmission vs independent integration: max=0.00050115585, RMSE=0.0001571801616840742
PASS layered(verify.LayeredFilm.dichroic) 256x256: max=0.00048828125, RMSE=8.511693662938549e-05, CPU=2.361372667 seconds, GPU submission+wait=0.007047583 seconds
PASS layered(verify.LayeredFilm.dichroicTransmission) 256x256: max=0.0009765625, RMSE=7.795918167331745e-05, CPU=2.359864333 seconds, GPU submission+wait=0.005180084 seconds
PASS spatial(verify.SpatialLookup.environment) 256x128: max=0.001953125, RMSE=1.5849905036161604e-05, CPU=0.001593584 seconds, GPU submission+wait=0.002001542 seconds
PASS spatial(verify.SpatialLookup.views) 512x512: max=0.00048828125, RMSE=6.260353025167734e-06, CPU=0.006753625 seconds, GPU submission+wait=0.000688333 seconds
PASS spatial(verify.SpatialLookup.nebula) 512x512: max=0.00048828125, RMSE=4.491438419950623e-06, CPU=0.019368917 seconds, GPU submission+wait=0.000491916 seconds
PASS spatial(verify.SpatialLookup.rainbow) 1024x64: max=0.0009765625, RMSE=1.5169131034007051e-05, CPU=0.164008708 seconds, GPU submission+wait=0.001275 seconds
PASS spatial(verify.SpatialLookup.atmosphere) 256x256: max=0.00048828125, RMSE=3.175819314272423e-05, CPU=0.074368459 seconds, GPU submission+wait=0.001202375 seconds
PASS film(ior: 1.333) 257x129: max=0.0009765625, RMSE=5.279843394081129e-05, CPU=0.103603625 seconds, GPU submission+wait=0.003687417 seconds
PASS all full-resolution LUTs and padded edge groups; half weights/storage, float optical arithmetic; verified vertical orientation
