2026-09-11 22:35:27.690 RealityOpticsShaderLab[22850:19797438] Metal API Validation Enabled
OPTICS_PERF LUT GPU film(ior: 1.333): 0.020717459 seconds
OPTICS_PERF LUT GPU grating: 0.010582958 seconds
OPTICS_PERF FIRST_READY grating: 1.790812541 seconds
OPTICS_PERF SELECT grating: 0.291138417 seconds; templates=2, textures=2, textureBytes=786432
OPTICS_PERF LUT GPU nacre: 0.011475583 seconds
OPTICS_PERF SELECT nacre: 0.082380125 seconds; templates=2, textures=3, textureBytes=1310720
OPTICS_PERF SELECT opal: 0.186854084 seconds; templates=3, textures=3, textureBytes=1310720
OPTICS_PERF LUT GPU birefringence: 0.003097167 seconds
OPTICS_PERF SELECT birefringence: 0.201186834 seconds; templates=4, textures=4, textureBytes=1318912
OPTICS_PERF SELECT speckle: 0.189050291 seconds; templates=5, textures=4, textureBytes=1318912
OPTICS_PERF LUT GPU morpho: 0.005523708 seconds
OPTICS_PERF SELECT morpho: 0.073878834 seconds; templates=5, textures=5, textureBytes=1843200
OPTICS_PERF SELECT beetle: 0.192178333 seconds; templates=6, textures=5, textureBytes=1843200
OPTICS_PERF SELECT feather: 0.191035833 seconds; templates=7, textures=5, textureBytes=1843200
OPTICS_PERF SELECT hologram: 0.206242959 seconds; templates=8, textures=5, textureBytes=1843200
OPTICS_PERF SELECT lcd: 0.18761175 seconds; templates=9, textures=5, textureBytes=1843200
OPTICS_PERF LUT GPU newton: 0.026689166 seconds
OPTICS_PERF SELECT newton: 0.21719225 seconds; templates=10, textures=6, textureBytes=2891776
OPTICS_PERF SELECT pearl: 0.214557583 seconds; templates=11, textures=6, textureBytes=2891776
OPTICS_PERF SELECT dragonfly: 0.2225505 seconds; templates=12, textures=6, textureBytes=2891776
OPTICS_PERF SELECT chameleon: 0.192326083 seconds; templates=13, textures=6, textureBytes=2891776
OPTICS_PERF SELECT scarab: 0.190881416 seconds; templates=14, textures=6, textureBytes=2891776
OPTICS_PREVIEW_AUDIT bindings: 16 effects / 2 groups / 9 colors / 3 amounts; two live samples; no color/group resource builds
OPTICS_PERF SELECT thinFilm: 8.542e-06 seconds; templates=14, textures=6, textureBytes=2891776
OPTICS_PERF SELECT thinFilm: 0.000879041 seconds; templates=14, textures=6, textureBytes=2891776
OPTICS_PREVIEW_AUDIT CAPTURE basic-original
OPTICS_PERF SELECT thinFilm: 1.5125e-05 seconds; templates=14, textures=6, textureBytes=2891776
OPTICS_PREVIEW_AUDIT CAPTURE basic-red
OPTICS_PERF SELECT thinFilm: 1.9042e-05 seconds; templates=14, textures=6, textureBytes=2891776
OPTICS_PREVIEW_AUDIT CAPTURE basic-gray-only
OPTICS_PERF SELECT grating: 1.5292e-05 seconds; templates=14, textures=6, textureBytes=2891776
OPTICS_PERF SELECT grating: 0.000572375 seconds; templates=14, textures=6, textureBytes=2891776
OPTICS_PREVIEW_AUDIT CAPTURE instruments-original
OPTICS_PERF SELECT grating: 2.1125e-05 seconds; templates=14, textures=6, textureBytes=2891776
OPTICS_PREVIEW_AUDIT CAPTURE instruments-white
OPTICS_PREVIEW_AUDIT PASS: paired geometry, all material base colors, original restore, shared resources
