PASS AbsorbingGlassMaterial: 100 nodes
PASS AlexandriteMaterial: 43 nodes
PASS AtmosphereMaterial: 53 nodes
PASS BeetleMaterial: 47 nodes
PASS BirefringenceMaterial: 69 nodes
PASS ChameleonMaterial: 62 nodes
PASS ChatoyancyMaterial: 79 nodes
PASS DiffractionGratingMaterial: 62 nodes
PASS DragonflyMaterial: 75 nodes
PASS FeatherMaterial: 50 nodes
PASS GemFireMaterial: 231 nodes
PASS HologramMaterial: 72 nodes
PASS IridescentFilmMaterial: 44 nodes
PASS LCDMaterial: 40 nodes
PASS LabradoriteMaterial: 62 nodes
PASS LayeredFilmMaterial: 53 nodes
PASS LenticularMaterial: 96 nodes
PASS MoireMaterial: 89 nodes
PASS MoonstoneMaterial: 54 nodes
PASS MorphoMaterial: 44 nodes
PASS NacreMaterial: 44 nodes
PASS NewtonMaterial: 53 nodes
PASS OpalMaterial: 47 nodes
PASS ParallaxNebulaMaterial: 154 nodes
PASS PearlMaterial: 54 nodes
PASS PleochroismMaterial: 68 nodes
PASS RainbowMaterial: 32 nodes
PASS RetroreflectiveMaterial: 43 nodes
PASS ScarabMaterial: 46 nodes
PASS SpeckleMaterial: 25 nodes
PASS SunstoneMaterial: 67 nodes
PASS 31 material files / 2058 nodes; 136 UI defaults; direction, range, base-color and arithmetic regressions
