2026-09-11 23:49:53.926 RealityOpticsShaderLab[35871:19917515] Metal API Validation Enabled
OPTICS_PERF LUT GPU film(ior: 1.333): 0.020345792 seconds
OPTICS_PERF LUT GPU grating: 0.002307959 seconds
OPTICS_PERF FIRST_READY grating: 1.661208583 seconds
OPTICS_PERF SELECT grating: 0.283811584 seconds; templates=2, textures=2, textureBytes=786432
OPTICS_PERF LUT GPU nacre: 0.004773709 seconds
OPTICS_PERF SELECT nacre: 0.087970541 seconds; templates=2, textures=3, textureBytes=1310720
OPTICS_PERF SELECT opal: 0.173416333 seconds; templates=3, textures=3, textureBytes=1310720
OPTICS_PERF LUT GPU birefringence: 0.002428041 seconds
OPTICS_PERF SELECT birefringence: 0.1950035 seconds; templates=4, textures=4, textureBytes=1318912
OPTICS_PERF SELECT speckle: 0.208971291 seconds; templates=5, textures=4, textureBytes=1318912
OPTICS_PERF LUT GPU morpho: 0.003952167 seconds
OPTICS_PERF SELECT morpho: 0.058653875 seconds; templates=5, textures=5, textureBytes=1843200
OPTICS_PERF SELECT beetle: 0.168741875 seconds; templates=6, textures=5, textureBytes=1843200
OPTICS_PERF SELECT feather: 0.176847708 seconds; templates=7, textures=5, textureBytes=1843200
OPTICS_PERF SELECT hologram: 0.218265459 seconds; templates=8, textures=5, textureBytes=1843200
OPTICS_PERF SELECT lcd: 0.178873 seconds; templates=9, textures=5, textureBytes=1843200
OPTICS_PERF LUT GPU newton: 0.031877125 seconds
OPTICS_PERF SELECT newton: 0.228300042 seconds; templates=10, textures=6, textureBytes=2891776
OPTICS_PERF SELECT pearl: 0.178468833 seconds; templates=11, textures=6, textureBytes=2891776
OPTICS_PERF SELECT dragonfly: 0.217499958 seconds; templates=12, textures=6, textureBytes=2891776
OPTICS_PERF SELECT chameleon: 0.201946375 seconds; templates=13, textures=6, textureBytes=2891776
OPTICS_PERF SELECT scarab: 0.220466583 seconds; templates=14, textures=6, textureBytes=2891776
OPTICS_PERF LUT GPU layered(OpticsPhysics.LayeredFilm.coating): 0.029244458 seconds
OPTICS_PERF SELECT lensCoating: 0.229090875 seconds; templates=15, textures=7, textureBytes=3416064
OPTICS_PERF LUT GPU layered(OpticsPhysics.LayeredFilm.titanium): 0.015143333 seconds
OPTICS_PERF SELECT titanium: 0.047249167 seconds; templates=15, textures=8, textureBytes=3940352
OPTICS_PERF LUT GPU layered(OpticsPhysics.LayeredFilm.oil): 0.002941917 seconds
OPTICS_PERF SELECT oilFilm: 0.040475625 seconds; templates=15, textures=9, textureBytes=4464640
OPTICS_PERF SELECT retroreflective: 0.192380125 seconds; templates=16, textures=9, textureBytes=4464640
OPTICS_PERF LUT GPU layered(OpticsPhysics.LayeredFilm.dichroic): 0.00693375 seconds
OPTICS_PERF SELECT dichroic: 0.061868 seconds; templates=16, textures=10, textureBytes=4988928
OPTICS_PERF SELECT pleochroism: 0.209648875 seconds; templates=17, textures=10, textureBytes=4988928
OPTICS_PERF SELECT alexandrite: 0.162965958 seconds; templates=18, textures=10, textureBytes=4988928
OPTICS_PERF SELECT sunstone: 0.201161583 seconds; templates=19, textures=10, textureBytes=4988928
OPTICS_PERF SELECT labradorite: 0.21216275 seconds; templates=20, textures=10, textureBytes=4988928
OPTICS_PERF SELECT moonstone: 0.199722833 seconds; templates=21, textures=10, textureBytes=4988928
OPTICS_PERF SELECT starGem: 0.193846917 seconds; templates=22, textures=10, textureBytes=4988928
OPTICS_PERF SELECT catEye: 0.023946666 seconds; templates=22, textures=10, textureBytes=4988928
OPTICS_PREVIEW_AUDIT bindings: 28 effects / 2 groups / 9 colors / 3 amounts; two live samples; no color/group resource builds
OPTICS_PERF SELECT thinFilm: 3.875e-06 seconds; templates=22, textures=10, textureBytes=4988928
OPTICS_PERF SELECT thinFilm: 0.000830125 seconds; templates=22, textures=10, textureBytes=4988928
OPTICS_PREVIEW_AUDIT CAPTURE basic-original
OPTICS_PERF SELECT thinFilm: 3.1542e-05 seconds; templates=22, textures=10, textureBytes=4988928
OPTICS_PREVIEW_AUDIT CAPTURE basic-red
OPTICS_PERF SELECT thinFilm: 3.0459e-05 seconds; templates=22, textures=10, textureBytes=4988928
OPTICS_PREVIEW_AUDIT CAPTURE basic-gray-only
OPTICS_PERF SELECT grating: 3.1333e-05 seconds; templates=22, textures=10, textureBytes=4988928
OPTICS_PERF SELECT grating: 0.000878833 seconds; templates=22, textures=10, textureBytes=4988928
OPTICS_PREVIEW_AUDIT CAPTURE instruments-original
OPTICS_PERF SELECT grating: 2.8417e-05 seconds; templates=22, textures=10, textureBytes=4988928
OPTICS_PREVIEW_AUDIT CAPTURE instruments-white
OPTICS_PREVIEW_AUDIT PASS: paired geometry, all material base colors, original restore, shared resources
