2026-09-12 13:14:25.289 simctl[28065:20993235] Metal API Validation Enabled
OPTICS_PERF LUT GPU film(ior: 1.333): 0.044223209 seconds
OPTICS_PERF LUT GPU spatial(OpticsPhysics.SpatialLookup.environment): 0.004665917 seconds
OPTICS_PERF FIRST_READY gemFire: 1.9751475 seconds
OPTICS_PERF SELECT gemFire: 0.485866709 seconds; templates=2, textures=2, textureBytes=786432
OPTICS_PERF SELECT absorbingGlass: 0.245314167 seconds; templates=3, textures=2, textureBytes=786432
OPTICS_PERF LUT GPU spatial(OpticsPhysics.SpatialLookup.views): 0.001338791 seconds
OPTICS_PERF SELECT lenticular: 0.252515583 seconds; templates=4, textures=3, textureBytes=2883584
OPTICS_PERF SELECT moire: 0.224732375 seconds; templates=5, textures=3, textureBytes=2883584
OPTICS_PERF LUT GPU spatial(OpticsPhysics.SpatialLookup.nebula): 0.001689333 seconds
OPTICS_PERF SELECT parallaxNebula: 0.31341575 seconds; templates=6, textures=4, textureBytes=4980736
OPTICS_PERF LUT GPU spatial(OpticsPhysics.SpatialLookup.rainbow): 0.003302792 seconds
OPTICS_PERF SELECT rainbow: 0.202598333 seconds; templates=7, textures=5, textureBytes=5505024
OPTICS_PERF LUT GPU spatial(OpticsPhysics.SpatialLookup.atmosphere): 0.018078667 seconds
OPTICS_PERF SELECT atmosphere: 0.183305667 seconds; templates=8, textures=6, textureBytes=6029312
OPTICS_PERF LUT GPU grating: 0.002702334 seconds
OPTICS_PERF SELECT grating: 0.206419792 seconds; templates=9, textures=7, textureBytes=6291456
OPTICS_PERF LUT GPU nacre: 0.006759 seconds
OPTICS_PERF SELECT nacre: 0.090441917 seconds; templates=9, textures=8, textureBytes=6815744
OPTICS_PERF SELECT opal: 0.204826959 seconds; templates=10, textures=8, textureBytes=6815744
OPTICS_PERF LUT GPU birefringence: 0.00165625 seconds
OPTICS_PERF SELECT birefringence: 0.211794541 seconds; templates=11, textures=9, textureBytes=6823936
OPTICS_PERF SELECT speckle: 0.170343208 seconds; templates=12, textures=9, textureBytes=6823936
OPTICS_PERF LUT GPU morpho: 0.003957167 seconds
OPTICS_PERF SELECT morpho: 0.06502625 seconds; templates=12, textures=10, textureBytes=7348224
OPTICS_PERF SELECT beetle: 0.173989708 seconds; templates=13, textures=10, textureBytes=7348224
OPTICS_PERF SELECT feather: 0.1706535 seconds; templates=14, textures=10, textureBytes=7348224
OPTICS_PERF SELECT lcd: 0.163368084 seconds; templates=16, textures=10, textureBytes=7348224
OPTICS_PERF LUT GPU newton: 0.005177916 seconds
OPTICS_PERF SELECT newton: 0.208281917 seconds; templates=17, textures=11, textureBytes=8396800
OPTICS_PERF SELECT pearl: 0.202149292 seconds; templates=18, textures=11, textureBytes=8396800
OPTICS_PERF SELECT dragonfly: 0.221186042 seconds; templates=19, textures=11, textureBytes=8396800
OPTICS_PERF SELECT chameleon: 0.211270458 seconds; templates=20, textures=11, textureBytes=8396800
OPTICS_PERF SELECT scarab: 0.1837005 seconds; templates=21, textures=11, textureBytes=8396800
OPTICS_PERF LUT GPU layered(OpticsPhysics.LayeredFilm.coating): 0.031959875 seconds
OPTICS_PERF SELECT lensCoating: 0.202796042 seconds; templates=22, textures=12, textureBytes=8921088
OPTICS_PERF LUT GPU layered(OpticsPhysics.LayeredFilm.titanium): 0.016108167 seconds
OPTICS_PERF SELECT titanium: 0.032804708 seconds; templates=22, textures=13, textureBytes=9445376
OPTICS_PERF LUT GPU layered(OpticsPhysics.LayeredFilm.oil): 0.005176958 seconds
OPTICS_PERF SELECT oilFilm: 0.03882775 seconds; templates=22, textures=14, textureBytes=9969664
OPTICS_PERF SELECT retroreflective: 0.198114875 seconds; templates=23, textures=14, textureBytes=9969664
OPTICS_PERF LUT GPU layered(OpticsPhysics.LayeredFilm.dichroic): 0.024628083 seconds
OPTICS_PERF SELECT dichroic: 0.076022042 seconds; templates=23, textures=15, textureBytes=10493952
OPTICS_PERF SELECT pleochroism: 0.228464333 seconds; templates=24, textures=15, textureBytes=10493952
OPTICS_PERF SELECT alexandrite: 0.192878916 seconds; templates=25, textures=15, textureBytes=10493952
OPTICS_PERF SELECT sunstone: 0.219771333 seconds; templates=26, textures=15, textureBytes=10493952
OPTICS_PERF SELECT labradorite: 0.207288667 seconds; templates=27, textures=15, textureBytes=10493952
OPTICS_PERF SELECT moonstone: 0.218534042 seconds; templates=28, textures=15, textureBytes=10493952
OPTICS_PERF SELECT starGem: 0.2253805 seconds; templates=29, textures=15, textureBytes=10493952
OPTICS_PERF SELECT catEye: 0.023474667 seconds; templates=29, textures=15, textureBytes=10493952
OPTICS_PREVIEW_AUDIT bindings: 35 effects / 5 colors / 3 amounts; 4 live samples; no color resource builds
OPTICS_PERF SELECT thinFilm: 1.6208e-05 seconds; templates=29, textures=15, textureBytes=10493952
OPTICS_PERF SELECT thinFilm: 0.000996875 seconds; templates=29, textures=15, textureBytes=10493952
OPTICS_PREVIEW_AUDIT CAPTURE basic-original
OPTICS_PERF SELECT thinFilm: 0.000175167 seconds; templates=29, textures=15, textureBytes=10493952
OPTICS_PREVIEW_AUDIT CAPTURE basic-rear
OPTICS_PERF SELECT thinFilm: 4.1333e-05 seconds; templates=29, textures=15, textureBytes=10493952
OPTICS_PREVIEW_AUDIT CAPTURE basic-red
OPTICS_PERF SELECT thinFilm: 3.5083e-05 seconds; templates=29, textures=15, textureBytes=10493952
OPTICS_PREVIEW_AUDIT CAPTURE basic-white-replaced
OPTICS_PERF SELECT grating: 3.8917e-05 seconds; templates=29, textures=15, textureBytes=10493952
OPTICS_PERF SELECT grating: 0.000859584 seconds; templates=29, textures=15, textureBytes=10493952
OPTICS_PREVIEW_AUDIT CAPTURE instruments-original
OPTICS_PERF SELECT grating: 0.000163084 seconds; templates=29, textures=15, textureBytes=10493952
OPTICS_PREVIEW_AUDIT CAPTURE instruments-rear
OPTICS_PERF SELECT grating: 3.8583e-05 seconds; templates=29, textures=15, textureBytes=10493952
OPTICS_PREVIEW_AUDIT CAPTURE instruments-white
OPTICS_PREVIEW_AUDIT PASS: four geometries, all material base colors, original restore, shared resources
