2026-09-12 08:03:44.099 RealityOpticsShaderLab[84751:20521596] Metal API Validation Enabled
OPTICS_PERF LUT GPU film(ior: 1.333): 0.042112666 seconds
OPTICS_PERF LUT GPU spatial(OpticsPhysics.SpatialLookup.environment): 0.004340917 seconds
OPTICS_PERF FIRST_READY gemFire: 1.998039167 seconds
OPTICS_PERF SELECT gemFire: 0.654899834 seconds; templates=2, textures=2, textureBytes=786432
OPTICS_AUDIT DEFAULT gemFire 6 parameters
OPTICS_AUDIT MIN gemFire 6 parameters
OPTICS_AUDIT MAX gemFire 6 parameters
OPTICS_AUDIT CAPTURE gemFire-oblique
OPTICS_AUDIT CAPTURE gemFire-rear
OPTICS_PERF SELECT absorbingGlass: 0.447204334 seconds; templates=3, textures=2, textureBytes=786432
OPTICS_AUDIT DEFAULT absorbingGlass 5 parameters
OPTICS_AUDIT MIN absorbingGlass 5 parameters
OPTICS_AUDIT MAX absorbingGlass 5 parameters
OPTICS_AUDIT CAPTURE absorbingGlass-oblique
OPTICS_AUDIT CAPTURE absorbingGlass-rear
OPTICS_PERF LUT GPU spatial(OpticsPhysics.SpatialLookup.views): 0.031041209 seconds
OPTICS_PERF SELECT lenticular: 0.409213833 seconds; templates=4, textures=3, textureBytes=2883584
OPTICS_AUDIT DEFAULT lenticular 5 parameters
OPTICS_AUDIT MIN lenticular 5 parameters
OPTICS_AUDIT MAX lenticular 5 parameters
OPTICS_AUDIT CAPTURE lenticular-oblique
OPTICS_AUDIT CAPTURE lenticular-rear
OPTICS_PERF SELECT moire: 0.42395975 seconds; templates=5, textures=3, textureBytes=2883584
OPTICS_AUDIT DEFAULT moire 6 parameters
OPTICS_AUDIT MIN moire 6 parameters
OPTICS_AUDIT MAX moire 6 parameters
OPTICS_AUDIT CAPTURE moire-oblique
OPTICS_AUDIT CAPTURE moire-rear
OPTICS_PERF LUT GPU spatial(OpticsPhysics.SpatialLookup.nebula): 0.025797666 seconds
OPTICS_PERF SELECT parallaxNebula: 0.386001625 seconds; templates=6, textures=4, textureBytes=4980736
OPTICS_AUDIT DEFAULT parallaxNebula 5 parameters
OPTICS_AUDIT MIN parallaxNebula 5 parameters
OPTICS_AUDIT MAX parallaxNebula 5 parameters
OPTICS_AUDIT CAPTURE parallaxNebula-oblique
OPTICS_AUDIT CAPTURE parallaxNebula-rear
OPTICS_PERF LUT GPU spatial(OpticsPhysics.SpatialLookup.rainbow): 0.014686667 seconds
OPTICS_PERF SELECT rainbow: 0.223898792 seconds; templates=7, textures=5, textureBytes=5505024
OPTICS_AUDIT DEFAULT rainbow 4 parameters
OPTICS_AUDIT MIN rainbow 4 parameters
OPTICS_AUDIT MAX rainbow 4 parameters
OPTICS_AUDIT CAPTURE rainbow-oblique
OPTICS_AUDIT CAPTURE rainbow-rear
OPTICS_AUDIT CAPTURE rainbow-light
OPTICS_PERF LUT GPU spatial(OpticsPhysics.SpatialLookup.atmosphere): 0.005548042 seconds
OPTICS_PERF SELECT atmosphere: 0.205601833 seconds; templates=8, textures=6, textureBytes=6029312
OPTICS_AUDIT DEFAULT atmosphere 5 parameters
OPTICS_AUDIT MIN atmosphere 5 parameters
OPTICS_AUDIT MAX atmosphere 5 parameters
OPTICS_AUDIT CAPTURE atmosphere-oblique
OPTICS_AUDIT CAPTURE atmosphere-rear
OPTICS_AUDIT CAPTURE atmosphere-light
OPTICS_AUDIT PASS: 7 materials, default/min/max scenes, no binding failures
